ca65 V2.19 - Git 0fca83500
Main file   : Wozmon.asm
Current file: Wozmon.asm

000000r 1               .setcpu "6502"
000000r 1               .segment "WOZMON"
000000r 1               
000000r 1               ; Page 0 Variables
000000r 1               
000000r 1               XAML  = $24             ; Last "opened" location Low
000000r 1               XAMH  = $25             ; Last "opened" location High
000000r 1               STL   = $26             ; Store address Low
000000r 1               STH   = $27             ; Store address High
000000r 1               L     = $28             ; Hex value parsing Low
000000r 1               H     = $29             ; Hex value parsing High
000000r 1               YSAV  = $2A             ; Used to see if hex value is given
000000r 1               MODE  = $2B             ; $00=XAM, $7F=STOR, $AE=BLOCK XAM
000000r 1               
000000r 1               ; Other Variables
000000r 1               
000000r 1               IN    = $0200           ; Input buffer to $027F
000000r 1               KBD   = $D010           ; PIA.A keyboard input
000000r 1               KBDCR = $D011           ; PIA.A keyboard control register
000000r 1               DSP   = $D012           ; PIA.B display output register
000000r 1               DSPCR = $D013           ; PIA.B display control register
000000r 1               
000000r 1               Reset:
000000r 1  D8             cld                   ; Clear decimal arithmetic mode.
000001r 1  58             cli
000002r 1  A0 7F          ldy #$7F              ; Mask for DSP data direction register.
000004r 1  8C 12 D0       sty DSP               ; Set it up.
000007r 1  A9 A7          lda #$A7              ; KBD and DSP control register mask.
000009r 1  8D 11 D0       sta KBDCR             ; Enable interrupts, set CA1, CB1, for
00000Cr 1  8D 13 D0       sta DSPCR             ;  positive edge sense/output mode.
00000Fr 1               
00000Fr 1               NotCr:
00000Fr 1  C9 DF          cmp #$DF              ; "_"?
000011r 1  F0 13          beq BackSpace         ; Yes.
000013r 1  C9 9B          cmp #$9B              ; ESC?
000015r 1  F0 03          beq Escape            ; Yes.
000017r 1  C8             iny                   ; Advance text index.
000018r 1  10 0F          bpl NextChar          ; Auto ESC if > 127.
00001Ar 1               
00001Ar 1               Escape:
00001Ar 1  A9 DC          lda #$DC              ; "\".
00001Cr 1  20 rr rr       jsr Echo              ; Output it.
00001Fr 1               
00001Fr 1               GetLine:
00001Fr 1  A9 8D          lda #$8D              ; CR.
000021r 1  20 rr rr       jsr Echo              ; Output it.
000024r 1  A0 01          ldy #$01              ; Initialize text index.
000026r 1               
000026r 1               BackSpace:
000026r 1  88             dey                   ; Back up text index.
000027r 1  30 F6          bmi GetLine           ; Beyond start of line, reinitialize.
000029r 1               
000029r 1               NextChar:
000029r 1  AD 11 D0       lda KBDCR             ; Key ready?
00002Cr 1  10 FB          bpl NextChar          ; Loop until ready.
00002Er 1  AD 10 D0       lda KBD               ; Load character. B7 should be '1'.
000031r 1  99 00 02       sta IN,Y              ; Add to text buffer.
000034r 1  20 rr rr       jsr Echo              ; Display character.
000037r 1  C9 8D          cmp #$8D              ; CR?
000039r 1  D0 D4          bne NotCr             ; No.
00003Br 1  A0 FF          ldy #$FF              ; Reset text index.
00003Dr 1  A9 00          lda #$00              ; For XAM mode.
00003Fr 1  AA             tax                   ; 0->X.
000040r 1               
000040r 1               SetStor:
000040r 1  0A             asl                   ; Leaves $7B if setting STOR mode.
000041r 1               SetMode:
000041r 1  85 2B          sta MODE              ; $00=XAM, $7B=STOR, $AE=BLOCK XAM.
000043r 1               BlSkip:
000043r 1  C8             iny                   ; Advance text index.
000044r 1               NextItem:
000044r 1  B9 00 02       lda IN,Y              ; Get character.
000047r 1  C9 8D          cmp #$8D              ; CR?
000049r 1  F0 D4          beq GetLine           ; Yes, done this line.
00004Br 1  C9 AE          cmp #$AE              ; "."?
00004Dr 1  90 F4          bcc BlSkip            ; Skip delimiter.
00004Fr 1  F0 F0          beq SetMode           ; Set BLOCK XAM mode.
000051r 1  C9 BA          cmp #$BA              ; ":"?
000053r 1  F0 EB          beq SetStor           ; Yes. Set STOR mode.
000055r 1  C9 D2          cmp #$D2              ; "R"?
000057r 1  F0 3B          beq Run               ; Yes. Run user program.
000059r 1  86 28          stx L                 ; $00->L.
00005Br 1  86 29          stx H                 ;  and H.
00005Dr 1  84 2A          sty YSAV              ; Save Y for comparison.
00005Fr 1               
00005Fr 1               NextHex:
00005Fr 1  B9 00 02       lda IN,Y              ; Get character for hex test.
000062r 1  49 B0          eor #$B0              ; Map digits to $0-9.
000064r 1  C9 0A          cmp #$0A              ; Digit?
000066r 1  90 06          bcc Dig               ; Yes.
000068r 1  69 88          adc #$88              ; Map letter "A"-"F" to $FA-FF.
00006Ar 1  C9 FA          cmp #$FA              ; Hex letter?
00006Cr 1  90 11          bcc NotHex            ; No, character not hex.
00006Er 1               
00006Er 1               Dig:
00006Er 1  0A             asl
00006Fr 1  0A             asl                   ; Hex digit to MSD of A.
000070r 1  0A             asl
000071r 1  0A             asl
000072r 1  A2 04          ldx #$04              ; Shift count.
000074r 1               
000074r 1               HexShift:
000074r 1  0A             asl                   ; Hex digit left, MSB to carry.
000075r 1  26 28          rol L                 ; Rotate into LSD.
000077r 1  26 29          rol H                 ; Rotate into MSD's.
000079r 1  CA             dex                   ; Done 4 shifts?
00007Ar 1  D0 F8          bne HexShift          ; No, loop.
00007Cr 1  C8             iny                   ; Advance text index.
00007Dr 1  D0 E0          bne NextHex           ; Always taken. Check next character for hex.
00007Fr 1               
00007Fr 1               NotHex:
00007Fr 1  C4 2A          cpy YSAV              ; Check if L, H empty (no hex digits).
000081r 1  F0 97          beq Escape            ; Yes, generate ESC sequence.
000083r 1  24 2B          bit MODE              ; Test MODE byte.
000085r 1  50 10          bvc NotStor           ; B6=0 STOR, 1 for XAM and BLOCK XAM.
000087r 1  A5 28          lda L                 ; LSD's of hex data.
000089r 1  81 26          sta (STL,X)           ; Store at current 'store index'.
00008Br 1  E6 26          inc STL               ; Increment store index.
00008Dr 1  D0 B5          bne NextItem          ; Get next item. (no carry).
00008Fr 1  E6 27          inc STH               ; Add carry to 'store index' high order.
000091r 1               
000091r 1               ToNextItem:
000091r 1  4C rr rr       jmp NextItem          ; Get next command item.
000094r 1               
000094r 1               Run:
000094r 1  6C 24 00       jmp (XAML)            ; Run at current XAM index.
000097r 1               
000097r 1               NotStor:
000097r 1  30 2B          bmi XamNext           ; B7=0 for XAM, 1 for BLOCK XAM.
000099r 1  A2 02          ldx #$02              ; Byte count.
00009Br 1               
00009Br 1               SetAdr:
00009Br 1  B5 27          lda L-1,X             ; Copy hex data to
00009Dr 1  95 25          sta STL-1,X           ;  'store index'.
00009Fr 1  95 23          sta XAML-1,X          ; And to 'XAM index'.
0000A1r 1  CA             dex                   ; Next of 2 bytes.
0000A2r 1  D0 F7          bne SetAdr            ; Loop unless X=0.
0000A4r 1               
0000A4r 1               NxtPrnt:
0000A4r 1  D0 14          bne PrData            ; NE means no address to print.
0000A6r 1  A9 8D          lda #$8D              ; CR.
0000A8r 1  20 rr rr       jsr Echo              ; Output it.
0000ABr 1  A5 25          lda XAMH              ; 'Examine index' high-order byte.
0000ADr 1  20 rr rr       jsr PrByte            ; Output it in hex format.
0000B0r 1  A5 24          lda XAML              ; Low-order 'examine index' byte.
0000B2r 1  20 rr rr       jsr PrByte            ; Output it in hex format.
0000B5r 1  A9 BA          lda #$BA              ; ":".
0000B7r 1  20 rr rr       jsr Echo              ; Output it.
0000BAr 1               
0000BAr 1               PrData:
0000BAr 1  A9 A0          lda #$A0              ; Blank.
0000BCr 1  20 rr rr       jsr Echo              ; Output it.
0000BFr 1  A1 24          lda (XAML,X)          ; Get data byte at 'examine index'.
0000C1r 1  20 rr rr       jsr PrByte            ; Output it in hex format.
0000C4r 1               
0000C4r 1               XamNext:
0000C4r 1  86 2B          stx MODE              ; 0->MODE (XAM mode).
0000C6r 1  A5 24          lda XAML
0000C8r 1  C5 28          cmp L                 ; Compare 'examine index' to hex data.
0000CAr 1  A5 25          lda XAMH
0000CCr 1  E5 29          sbc H
0000CEr 1  B0 C1          bcs ToNextItem        ; Not less, so no more data to output.
0000D0r 1  E6 24          inc XAML
0000D2r 1  D0 02          bne Mod8Chk           ; Increment 'examine index'.
0000D4r 1  E6 25          inc XAMH
0000D6r 1               
0000D6r 1               Mod8Chk:
0000D6r 1  A5 24          lda XAML              ; Check low-order 'examine index' byte
0000D8r 1  29 07          and #$07              ;  For MOD 8=0
0000DAr 1  10 C8          bpl NxtPrnt           ; Always taken.
0000DCr 1               
0000DCr 1               PrByte:
0000DCr 1  48             pha                   ; Save A for LSD.
0000DDr 1  4A             lsr
0000DEr 1  4A             lsr
0000DFr 1  4A             lsr                   ; MSD to LSD position.
0000E0r 1  4A             lsr
0000E1r 1  20 rr rr       jsr PrHex             ; Output hex digit.
0000E4r 1  68             pla                   ; Restore A.
0000E5r 1               
0000E5r 1               PrHex:
0000E5r 1  29 0F          and #$0F              ; Mask LSD for hex print.
0000E7r 1  09 B0          ora #$B0              ; Add "0".
0000E9r 1  C9 BA          cmp #$BA              ; Digit?
0000EBr 1  90 02          bcc Echo              ; Yes, output it.
0000EDr 1  69 06          adc #$06              ; Add offset for letter.
0000EFr 1               
0000EFr 1               Echo:
0000EFr 1  2C 12 D0       bit DSP               ; DA bit (B7) cleared yet?
0000F2r 1  30 FB          bmi Echo              ; No, wait for display.
0000F4r 1  8D 12 D0       sta DSP               ; Output character. Sets DA.
0000F7r 1  60             rts                   ; Return.
0000F8r 1               
0000F8r 1  00             brk                   ; unused
0000F9r 1  00             brk                   ; unused
0000FAr 1               
0000FAr 1               .segment "VECTORS"
000000r 1               
000000r 1  00 0F          .word $0F00           ; NMI
000002r 1  rr rr          .word Reset           ; RESET
000004r 1  00 00          .word $0000           ; BRK/IRQ
000004r 1               
